
Forgot root password?
---------------------

* Boot single user: when the boot prompt appears and the five seconds countdown starts, give the following command:

> boot -s

* At the prompt "Enter pathname of shell or RETURN for sh:" press Enter.

* Write the following commands:

$ fsck -y /
$ mount -u /
$ fsck -y /usr
$ mount /usr

* Change root's password:

$ passwd root

* If you get the error "Password file is busy":

$ rm /etc/ptmp 

Then retry.

* Exit the shell to go to multiuser mode.

$ exit
